bringing up nodes...
bringing up nodes...

........................................................................ [ 18%]
........................................................................ [ 37%]
........................................................................ [ 56%]
........................................................................ [ 75%]
........................................................................ [ 93%]
........................                                                 [100%]
384 passed in 14.07s
